// Jest Snapshot v1, https://goo.gl/fbAQLP

exports[`COMPONENT -> FileList - snapshot... expect to render correct properties 1`] = `
<wrapper__Wrapper>
  <a
    href="javascript:void(0);"
    key="0"
    onClick={[Function]}
  >
    <div
      className="cover"
    >
      <Component />
    </div>
    <div
      className="info"
    >
      file.mp3
    </div>
  </a>
  <a
    href="javascript:void(0);"
    key="1"
    onClick={[Function]}
  >
    <div
      className="cover"
    >
      <Component />
    </div>
    <div
      className="info"
    >
      file.wav
    </div>
  </a>
</wrapper__Wrapper>
`;
